// Jest Snapshot v1, https://goo.gl/fbAQLP

exports[`<Heading /> Should have correct text. 1`] = `
<div
  class="HeadingContainer"
  id="programs"
>
  <h2>
    Button text
  </h2>
</div>
`;
